#-----------------------------------------------------------
# Vivado v2019.1 (64-bit)
# SW Build 2552052 on Fri May 24 14:49:42 MDT 2019
# IP Build 2548770 on Fri May 24 18:01:18 MDT 2019
# Start of session at: Mon Sep  6 13:07:07 2021
# Process ID: 12092
# Current directory: C:/top/f7/vicilab/sample_projects/applications/DSPProcFolders/DSPProc_S21/DSPProc/DSPFunctions/DSP_selMemMaster/xilinxprj/DSP_selMemMaster.runs/synth_1
# Command line: vivado.exe -log DSP_selMemMaster.vds -product Vivado -mode batch -messageDb vivado.pb -notrace -source DSP_selMemMaster.tcl
# Log file: C:/top/f7/vicilab/sample_projects/applications/DSPProcFolders/DSPProc_S21/DSPProc/DSPFunctions/DSP_selMemMaster/xilinxprj/DSP_selMemMaster.runs/synth_1/DSP_selMemMaster.vds
# Journal file: C:/top/f7/vicilab/sample_projects/applications/DSPProcFolders/DSPProc_S21/DSPProc/DSPFunctions/DSP_selMemMaster/xilinxprj/DSP_selMemMaster.runs/synth_1\vivado.jou
#-----------------------------------------------------------
source DSP_selMemMaster.tcl -notrace
