#-----------------------------------------------------------
# Vivado v2019.1 (64-bit)
# SW Build 2552052 on Fri May 24 14:49:42 MDT 2019
# IP Build 2548770 on Fri May 24 18:01:18 MDT 2019
# Start of session at: Wed Sep  8 22:57:54 2021
# Process ID: 15240
# Current directory: C:/top/f7/vicilab/sample_projects/applications/DSPProcFolders/DSPProc_S21/DSPProc/memory/CSR_4x32Reg/CSR_4x32Reg_withWDogCtrl/xilinxprj/CSR_4x32Reg_withWDogCtrl.runs/synth_3
# Command line: vivado.exe -log CSR_4x32Reg_WithWDogCtrl.vds -product Vivado -mode batch -messageDb vivado.pb -notrace -source CSR_4x32Reg_WithWDogCtrl.tcl
# Log file: C:/top/f7/vicilab/sample_projects/applications/DSPProcFolders/DSPProc_S21/DSPProc/memory/CSR_4x32Reg/CSR_4x32Reg_withWDogCtrl/xilinxprj/CSR_4x32Reg_withWDogCtrl.runs/synth_3/CSR_4x32Reg_WithWDogCtrl.vds
# Journal file: C:/top/f7/vicilab/sample_projects/applications/DSPProcFolders/DSPProc_S21/DSPProc/memory/CSR_4x32Reg/CSR_4x32Reg_withWDogCtrl/xilinxprj/CSR_4x32Reg_withWDogCtrl.runs/synth_3\vivado.jou
#-----------------------------------------------------------
source CSR_4x32Reg_WithWDogCtrl.tcl -notrace
