#-----------------------------------------------------------
# Webtalk v2019.1 (64-bit)
# SW Build 2552052 on Fri May 24 14:49:42 MDT 2019
# IP Build 2548770 on Fri May 24 18:01:18 MDT 2019
# Start of session at: Mon Sep  6 13:09:01 2021
# Process ID: 9912
# Current directory: C:/top/f7/vicilab/sample_projects/applications/DSPProcFolders/DSPProc_S21/DSPProc/DSPFunctions/DSP_selMemMaster/xilinxprj/DSP_selMemMaster.sim/sim_1/behav/xsim
# Command line: wbtcv.exe -mode batch -source C:/top/f7/vicilab/sample_projects/applications/DSPProcFolders/DSPProc_S21/DSPProc/DSPFunctions/DSP_selMemMaster/xilinxprj/DSP_selMemMaster.sim/sim_1/behav/xsim/xsim.dir/DSP_selMemMaster_TB_behav/webtalk/xsim_webtalk.tcl -notrace
# Log file: C:/top/f7/vicilab/sample_projects/applications/DSPProcFolders/DSPProc_S21/DSPProc/DSPFunctions/DSP_selMemMaster/xilinxprj/DSP_selMemMaster.sim/sim_1/behav/xsim/webtalk.log
# Journal file: C:/top/f7/vicilab/sample_projects/applications/DSPProcFolders/DSPProc_S21/DSPProc/DSPFunctions/DSP_selMemMaster/xilinxprj/DSP_selMemMaster.sim/sim_1/behav/xsim\webtalk.jou
#-----------------------------------------------------------
source C:/top/f7/vicilab/sample_projects/applications/DSPProcFolders/DSPProc_S21/DSPProc/DSPFunctions/DSP_selMemMaster/xilinxprj/DSP_selMemMaster.sim/sim_1/behav/xsim/xsim.dir/DSP_selMemMaster_TB_behav/webtalk/xsim_webtalk.tcl -notrace
