#-----------------------------------------------------------
# Vivado v2019.1 (64-bit)
# SW Build 2552052 on Fri May 24 14:49:42 MDT 2019
# IP Build 2548770 on Fri May 24 18:01:18 MDT 2019
# Start of session at: Fri Sep  3 00:21:51 2021
# Process ID: 19716
# Current directory: C:/top/f7/vicilab/sample_projects/applications/DSPProcFolders/DSPProc_S21/DSPProc/memory/sourceMem_32x256BRAM/xilinxprj/sourceMem_32x256BRAM.runs/synth_1
# Command line: vivado.exe -log sourceMem_32x256BRAM.vds -product Vivado -mode batch -messageDb vivado.pb -notrace -source sourceMem_32x256BRAM.tcl
# Log file: C:/top/f7/vicilab/sample_projects/applications/DSPProcFolders/DSPProc_S21/DSPProc/memory/sourceMem_32x256BRAM/xilinxprj/sourceMem_32x256BRAM.runs/synth_1/sourceMem_32x256BRAM.vds
# Journal file: C:/top/f7/vicilab/sample_projects/applications/DSPProcFolders/DSPProc_S21/DSPProc/memory/sourceMem_32x256BRAM/xilinxprj/sourceMem_32x256BRAM.runs/synth_1\vivado.jou
#-----------------------------------------------------------
source sourceMem_32x256BRAM.tcl -notrace
